[     523ms] [INFO] %cDownload the React DevTools for a better development experience: https://react.dev/link/react-devtools font-weight:bold @ http://localhost:3000/node_modules/.vite/deps/react-dom_client.js?v=1ecbf9f9:20102
[ 3123879ms] [ERROR] Failed to load resource: the server responded with a status of 404 (Not Found) @ http://localhost:3000/api/v1/templates:0
[ 7633350ms] [INFO] %cDownload the React DevTools for a better development experience: https://react.dev/link/react-devtools font-weight:bold @ http://localhost:3000/node_modules/.vite/deps/react-dom_client.js?v=1ecbf9f9:20102
[ 8021994ms] [VERBOSE] [DOM] Input elements should have autocomplete attributes (suggested: "current-password"): (More info: https://goo.gl/9p2vKq) %o @ http://localhost:3000/#/login:0
[ 8051324ms] [INFO] %cDownload the React DevTools for a better development experience: https://react.dev/link/react-devtools font-weight:bold @ http://localhost:3000/node_modules/.vite/deps/react-dom_client.js?v=1ecbf9f9:20102
[ 8061090ms] [VERBOSE] [DOM] Input elements should have autocomplete attributes (suggested: "current-password"): (More info: https://goo.gl/9p2vKq) %o @ http://localhost:3000/#/login:0
[ 8624285ms] [LOG] [vite] server connection lost. Polling for restart... @ http://localhost:3000/@vite/client:864
[ 8626817ms] [INFO] %cDownload the React DevTools for a better development experience: https://react.dev/link/react-devtools font-weight:bold @ http://localhost:3000/node_modules/.vite/deps/react-dom_client.js?v=1ecbf9f9:20102
[ 8626893ms] [ERROR] WebSocket connection to 'ws://localhost:3000/?token=swqyc-zAVEDS' failed: Error during WebSocket handshake: Unexpected response code: 400 @ http://localhost:3000/@vite/client:744
[ 8627072ms] [ERROR] WebSocket connection to 'ws://localhost:3000/?token=swqyc-zAVEDS' failed: Error during WebSocket handshake: Unexpected response code: 400 @ http://localhost:3000/@vite/client:754
[ 8627072ms] [ERROR] [vite] failed to connect to websocket.
your current setup:
  (browser) localhost:3000/ <--[HTTP]--> localhost:3000/ (server)
  (browser) localhost:3000/ <--[WebSocket (failing)]--> localhost:3000/ (server)
Check out your Vite / network configuration and https://vite.dev/config/server-options.html#server-hmr . @ http://localhost:3000/@vite/client:764
[ 8639717ms] [INFO] %cDownload the React DevTools for a better development experience: https://react.dev/link/react-devtools font-weight:bold @ http://localhost:3000/node_modules/.vite/deps/react-dom_client.js?v=1ecbf9f9:20102
[ 8657479ms] [ERROR] Failed to load resource: the server responded with a status of 404 (Not Found) @ http://localhost:3000/api/v1/templates:0
[ 8664428ms] [ERROR] Failed to load resource: the server responded with a status of 404 (Not Found) @ http://localhost:3000/api/v1/templates:0
[ 8704286ms] [ERROR] Failed to load resource: the server responded with a status of 404 (Not Found) @ http://localhost:3000/api/v1/templates:0
[ 8808191ms] [ERROR] Failed to load resource: the server responded with a status of 404 (Not Found) @ http://localhost:3000/api/v1/templates:0
